exports[`AppUI renders the expected UI 1`] = `
<div>
  <span>
    <i>
      PULSE-labz
    </i>
  </span>
</div>
`;
